// Jest Snapshot v1, https://goo.gl/fbAQLP

exports[`My Connected React-Redux Component renders correctly 1`] = `
<div>
  <div>
    <div
      className="divFlex"
    >
      <input
        className="inputFlex"
        onChange={[Function]}
        placeholder="Search..."
        type="text"
      />
    </div>
  </div>
  <ul
    className="moviesGrid"
  />
  <div
    className="button"
  />
</div>
`;
