// Jest Snapshot v1, https://goo.gl/fbAQLP

exports[`renders correctly 1`] = `
<nav
  className="navbar navbar-expand-lg navbar-light bg-dark sticky-top"
>
  <div
    className="container"
  >
    <span
      className="NavTitle navbar-brand"
    >
      <a
        aria-current="page"
        className="active"
        href="/"
        onClick={[Function]}
      >
        Movies
      </a>
    </span>
    <button
      aria-controls="basic-navbar-nav"
      aria-label="Toggle navigation"
      className="navbar-toggler collapsed"
      onClick={[Function]}
      type="button"
    >
      <span
        className="navbar-toggler-icon"
      />
    </button>
    <div
      aria-expanded={null}
      className="navbar-collapse collapse"
      id="basic-navbar-nav"
    >
      <div
        className="me-auto NavBar navbar-nav"
        onKeyDown={[Function]}
      >
        <a
          aria-current="page"
          className="NavSubTitle active"
          href="/"
          onClick={[Function]}
        >
          Home
        </a>
        <a
          className="NavSubTitle"
          href="/about"
          onClick={[Function]}
        >
          About
        </a>
        <div
          className="nav-item dropdown"
        >
          <a
            aria-expanded={false}
            className="dropdown-toggle nav-link"
            data-rr-ui-event-key={null}
            href="#"
            id="basic-nav-dropdown"
            onClick={[Function]}
            onKeyDown={[Function]}
            role="button"
            tabIndex={0}
          >
            DropdownXXX
          </a>
        </div>
      </div>
    </div>
  </div>
</nav>
`;
